../Core/Src/ESP01.c:13:6:ESPO1_Init	16	static
../Core/Src/ESP01.c:19:6:ESP01_Callback	16	static
../Core/Src/ESP01.c:88:6:Response_Reset	8	static
../Core/Src/ESP01.c:95:6:Response_Ready	8	static
../Core/Src/ESP01.c:107:6:Response_Waiting_IP	8	static
../Core/Src/ESP01.c:114:6:Response_Good_IP	8	static
../Core/Src/ESP01.c:121:6:Response_Bad_IP	8	static
../Core/Src/ESP01.c:128:6:Response_Wait_For_WiFi	8	static
../Core/Src/ESP01.c:135:6:Response_Connected_To_WiFi	8	static
../Core/Src/ESP01.c:142:6:Response_Wait_For_MQTT	8	static
../Core/Src/ESP01.c:149:6:Response_Connected_To_MQTT	8	static
../Core/Src/ESP01.c:156:6:Response_Failed_To_MQTT	8	static
../Core/Src/ESP01.c:163:6:Response_Get_Message	8	static
../Core/Src/ESP01.c:170:6:Response_Send_Message	8	static
