../Core/Src/main.c:105:6:HAL_UART_RxCpltCallback	16	static
../Core/Src/main.c:117:6:HAL_ADC_ConvCpltCallback	40	static
../Core/Src/main.c:129:5:main	40	static
../Core/Src/main.c:214:6:SystemClock_Config	88	static
../Core/Src/main.c:261:13:MX_ADC1_Init	24	static
../Core/Src/main.c:322:13:MX_TIM1_Init	32	static
../Core/Src/main.c:368:13:MX_USART1_UART_Init	8	static
../Core/Src/main.c:401:13:MX_USART2_UART_Init	8	static
../Core/Src/main.c:434:13:MX_USART6_UART_Init	8	static
../Core/Src/main.c:465:13:MX_DMA_Init	16	static
../Core/Src/main.c:490:13:MX_GPIO_Init	40	static
../Core/Src/main.c:548:6:Error_Handler	4	static,ignoring_inline_asm
