../Core/Src/main.c:80:6:HAL_UART_RxHalfCpltCallback	16	static
../Core/Src/main.c:85:6:HAL_UART_RxCpltCallback	16	static
../Core/Src/main.c:90:6:HAL_ADC_ConvCpltCallback	40	static
../Core/Src/main.c:102:5:main	48	static
../Core/Src/main.c:161:6:SystemClock_Config	88	static
../Core/Src/main.c:208:13:MX_ADC1_Init	24	static
../Core/Src/main.c:269:13:MX_USART2_UART_Init	8	static
../Core/Src/main.c:302:13:MX_USART6_UART_Init	8	static
../Core/Src/main.c:333:13:MX_DMA_Init	16	static
../Core/Src/main.c:355:13:MX_GPIO_Init	40	static
../Core/Src/main.c:383:6:Error_Handler	4	static,ignoring_inline_asm
